<!-- Test.dtd:  a file for testing carthago.
Revisions:
 1997-10-15 : CMSMcQ : made file
-->
<!-- N.B. all comments assume that carthago will be run with the option to
delete all elements 'a e i o u' -->

<!ELEMENT x  ((b | c | d)*, (f | g | h)+, (b | c | d)*) >

<!-- All of the following should be errors -->

<!ELEMENT x  (ZOMBIE...a) >


<!ELEMENT x  (ZOMBIE...a)? >


<!ELEMENT x  (ZOMBIE...a)? >


<!ELEMENT x  (ZOMBIE...a) >


<!ELEMENT x  (ZOMBIE...a)+ >


<!ELEMENT x  (ZOMBIE...a)* >


<!ELEMENT x  (ZOMBIE...a)* >


<!ELEMENT x  (ZOMBIE...a) >


<!ELEMENT x  (ZOMBIE...a)? >


<!ELEMENT x  (ZOMBIE...a)? >


<!ELEMENT x  (ZOMBIE...a) >


<!ELEMENT x  (ZOMBIE...a)+ >


<!ELEMENT x  (ZOMBIE...a)* >


<!ELEMENT x  (ZOMBIE...a)* >


<!ELEMENT x  (ZOMBIE...a) >


<!ELEMENT x  (ZOMBIE...a)? >


<!ELEMENT x  (ZOMBIE...a)? >


<!ELEMENT x  (ZOMBIE...a) >


<!ELEMENT x  (ZOMBIE...a)+ >


<!ELEMENT x  (ZOMBIE...a)* >


<!ELEMENT x  (ZOMBIE...a)* >

<!-- all of the following should be legal -->

<!ELEMENT x  (b) >


<!ELEMENT x  (b)? >


<!ELEMENT x  (b)? >


<!ELEMENT x  (b)+ >


<!ELEMENT x  (b)+ >


<!ELEMENT x  (b)* >


<!ELEMENT x  (b)* >


<!ELEMENT x  (b) >


<!ELEMENT x  (b)? >


<!ELEMENT x  (b)? >


<!ELEMENT x  (b)+ >


<!ELEMENT x  (b)+ >


<!ELEMENT x  (b)* >


<!ELEMENT x  (b)* >


<!ELEMENT x  (b) >


<!ELEMENT x  (b)? >


<!ELEMENT x  (b)? >


<!ELEMENT x  (b)+ >


<!ELEMENT x  (b)+ >


<!ELEMENT x  (b)* >


<!ELEMENT x  (b)* >

<!-- all of the following should leave one required element -->

<!ELEMENT x  (ZOMBIE...a) >


<!ELEMENT x  (ZOMBIE...a) >


<!ELEMENT x  (ZOMBIE...a) >


<!ELEMENT x  (ZOMBIE...a) >


<!ELEMENT x  (ZOMBIE...a) >


<!ELEMENT x  (b) >


<!ELEMENT x  (ZOMBIE...a) >


<!ELEMENT x  (b) >


<!ELEMENT x  (b) >


<!ELEMENT x  (b) >


<!ELEMENT x  (b) >


<!ELEMENT x  (b) >


<!ELEMENT x  (b) >


<!ELEMENT x  (b) >

<!-- all of the following should result in an optional element -->

<!ELEMENT x  (ZOMBIE...a)? >


<!ELEMENT x  (ZOMBIE...a)? >


<!ELEMENT x  (ZOMBIE...a)? >


<!ELEMENT x  (ZOMBIE...a)? >


<!ELEMENT x  (b)? >


<!ELEMENT x  (ZOMBIE...e)? >


<!ELEMENT x  (b)? >


<!ELEMENT x  (b)? >


<!ELEMENT x  (b)? >


<!ELEMENT x  (b)? >


<!ELEMENT x  (b)? >


<!ELEMENT x  (b)? >


<!ELEMENT x  (b)? >

<!-- all of the following should result in a single element with a star -->

<!ELEMENT x  (ZOMBIE...a)* >


<!ELEMENT x  (ZOMBIE...a)* >


<!ELEMENT x  (ZOMBIE...a)* >


<!ELEMENT x  (ZOMBIE...a)* >


<!ELEMENT x  (b)* >


<!ELEMENT x  (ZOMBIE...e)* >


<!ELEMENT x  (b)* >


<!ELEMENT x  (b)* >


<!ELEMENT x  (b)* >


<!ELEMENT x  (b)* >


<!ELEMENT x  (b)* >


<!ELEMENT x  (b)* >


<!ELEMENT x  (b)* >

